[codervent.com/maxton/demo/vertical-menu/index.html]
[backblue.gif]
[fade.gif]
[index.html]
[codervent.com/maxton/demo/vertical-menu/assets/images/favicon-32x32.png]
[codervent.com/maxton/demo/vertical-menu/assets/css/pace.min.css]
[codervent.com/maxton/demo/vertical-menu/assets/js/pace.min.js]
[codervent.com/maxton/demo/vertical-menu/assets/plugins/perfect-scrollbar/css/perfect-scrollbar.css]
[codervent.com/maxton/demo/vertical-menu/assets/plugins/metismenu/metisMenu.min.css]
[codervent.com/maxton/demo/vertical-menu/assets/plugins/metismenu/mm-vertical.css]
[codervent.com/maxton/demo/vertical-menu/assets/plugins/simplebar/css/simplebar.css]
[codervent.com/maxton/demo/vertical-menu/assets/css/bootstrap.min.css]
[codervent.com/maxton/demo/vertical-menu/assets/css/bootstrap-extended.css]
[codervent.com/maxton/demo/vertical-menu/sass/main.css]
[codervent.com/maxton/demo/vertical-menu/sass/dark-theme.css]
[codervent.com/maxton/demo/vertical-menu/sass/blue-theme.css]
[codervent.com/maxton/demo/vertical-menu/sass/semi-dark.css]
[codervent.com/maxton/demo/vertical-menu/sass/bordered-theme.css]
[codervent.com/maxton/demo/vertical-menu/sass/responsive.css]
[codervent.com/maxton/demo/vertical-menu/assets/images/avatars/01.png]
[codervent.com/maxton/demo/vertical-menu/assets/images/avatars/02.png]
[codervent.com/maxton/demo/vertical-menu/assets/images/avatars/03.png]
[codervent.com/maxton/demo/vertical-menu/assets/images/county/02.png]
[codervent.com/maxton/demo/vertical-menu/assets/images/county/01.png]
[codervent.com/maxton/demo/vertical-menu/assets/images/county/03.png]
[codervent.com/maxton/demo/vertical-menu/assets/images/county/04.png]
[codervent.com/maxton/demo/vertical-menu/assets/images/county/05.png]
[codervent.com/maxton/demo/vertical-menu/assets/images/county/06.png]
[codervent.com/maxton/demo/vertical-menu/assets/images/county/07.png]
[codervent.com/maxton/demo/vertical-menu/assets/images/county/08.png]
[codervent.com/maxton/demo/vertical-menu/assets/images/megaIcons/02.png]
[codervent.com/maxton/demo/vertical-menu/assets/images/megaIcons/03.png]
[codervent.com/maxton/demo/vertical-menu/assets/images/megaIcons/01.png]
[codervent.com/maxton/demo/vertical-menu/assets/images/megaIcons/11.png]
[codervent.com/maxton/demo/vertical-menu/assets/images/megaIcons/13.png]
[codervent.com/maxton/demo/vertical-menu/assets/images/megaIcons/12.png]
[codervent.com/maxton/demo/vertical-menu/assets/images/megaIcons/08.png]
[codervent.com/maxton/demo/vertical-menu/assets/images/megaIcons/09.png]
[codervent.com/maxton/demo/vertical-menu/assets/images/apps/01.png]
[codervent.com/maxton/demo/vertical-menu/assets/images/apps/02.png]
[codervent.com/maxton/demo/vertical-menu/assets/images/apps/03.png]
[codervent.com/maxton/demo/vertical-menu/assets/images/apps/04.png]
[codervent.com/maxton/demo/vertical-menu/assets/images/apps/05.png]
[codervent.com/maxton/demo/vertical-menu/assets/images/apps/06.png]
[codervent.com/maxton/demo/vertical-menu/assets/images/apps/07.png]
[codervent.com/maxton/demo/vertical-menu/assets/images/apps/08.png]
[codervent.com/maxton/demo/vertical-menu/assets/images/apps/09.png]
[codervent.com/maxton/demo/vertical-menu/assets/images/apps/10.png]
[codervent.com/maxton/demo/vertical-menu/assets/images/apps/11.png]
[codervent.com/maxton/demo/vertical-menu/assets/images/apps/12.png]
[codervent.com/maxton/demo/vertical-menu/assets/images/apps/13.png]
[codervent.com/maxton/demo/vertical-menu/assets/images/apps/14.png]
[codervent.com/maxton/demo/vertical-menu/assets/images/avatars/06.png]
[codervent.com/maxton/demo/vertical-menu/assets/images/logo-icon.png]
[codervent.com/maxton/demo/vertical-menu/index2.html]
[codervent.com/maxton/demo/vertical-menu/widgets-data.html]
[codervent.com/maxton/demo/vertical-menu/widgets-static.html]
[codervent.com/maxton/demo/vertical-menu/app-emailbox.html]
[codervent.com/maxton/demo/vertical-menu/app-emailread.html]
[codervent.com/maxton/demo/vertical-menu/app-chat-box.html]
[codervent.com/maxton/demo/vertical-menu/app-fullcalender.html]
[codervent.com/maxton/demo/vertical-menu/app-to-do.html]
[codervent.com/maxton/demo/vertical-menu/app-invoice.html]
[codervent.com/maxton/demo/vertical-menu/cards.html]
[codervent.com/maxton/demo/vertical-menu/ecommerce-add-product.html]
[codervent.com/maxton/demo/vertical-menu/ecommerce-products.html]
[codervent.com/maxton/demo/vertical-menu/ecommerce-customers.html]
[codervent.com/maxton/demo/vertical-menu/ecommerce-customer-details.html]
[codervent.com/maxton/demo/vertical-menu/ecommerce-orders.html]
[codervent.com/maxton/demo/vertical-menu/ecommerce-order-details.html]
[codervent.com/maxton/demo/vertical-menu/component-alerts.html]
[codervent.com/maxton/demo/vertical-menu/component-accordions.html]
[codervent.com/maxton/demo/vertical-menu/component-badges.html]
[codervent.com/maxton/demo/vertical-menu/component-buttons.html]
[codervent.com/maxton/demo/vertical-menu/component-carousels.html]
[codervent.com/maxton/demo/vertical-menu/component-media-object.html]
[codervent.com/maxton/demo/vertical-menu/component-modals.html]
[codervent.com/maxton/demo/vertical-menu/component-navs-tabs.html]
[codervent.com/maxton/demo/vertical-menu/component-navbar.html]
[codervent.com/maxton/demo/vertical-menu/component-paginations.html]
[codervent.com/maxton/demo/vertical-menu/component-popovers-tooltips.html]
[codervent.com/maxton/demo/vertical-menu/component-progress-bars.html]
[codervent.com/maxton/demo/vertical-menu/component-spinners.html]
[codervent.com/maxton/demo/vertical-menu/component-notifications.html]
[codervent.com/maxton/demo/vertical-menu/component-avtars-chips.html]
[codervent.com/maxton/demo/vertical-menu/component-typography.html]
[codervent.com/maxton/demo/vertical-menu/component-text-utilities.html]
[codervent.com/maxton/demo/vertical-menu/icons-line-icons.html]
[codervent.com/maxton/demo/vertical-menu/icons-boxicons.html]
[codervent.com/maxton/demo/vertical-menu/icons-feather-icons.html]
[codervent.com/maxton/demo/vertical-menu/form-elements.html]
[codervent.com/maxton/demo/vertical-menu/form-input-group.html]
[codervent.com/maxton/demo/vertical-menu/form-radios-and-checkboxes.html]
[codervent.com/maxton/demo/vertical-menu/form-layouts.html]
[codervent.com/maxton/demo/vertical-menu/form-validations.html]
[codervent.com/maxton/demo/vertical-menu/form-wizard.html]
[codervent.com/maxton/demo/vertical-menu/form-file-upload.html]
[codervent.com/maxton/demo/vertical-menu/form-date-time-pickes.html]
[codervent.com/maxton/demo/vertical-menu/form-select2.html]
[codervent.com/maxton/demo/vertical-menu/form-repeater.html]
[codervent.com/maxton/demo/vertical-menu/table-basic-table.html]
[codervent.com/maxton/demo/vertical-menu/table-datatable.html]
[codervent.com/maxton/demo/vertical-menu/auth-basic-login.html]
[codervent.com/maxton/demo/vertical-menu/auth-basic-register.html]
[codervent.com/maxton/demo/vertical-menu/auth-basic-forgot-password.html]
[codervent.com/maxton/demo/vertical-menu/auth-basic-reset-password.html]
[codervent.com/maxton/demo/vertical-menu/auth-cover-login.html]
[codervent.com/maxton/demo/vertical-menu/auth-cover-register.html]
[codervent.com/maxton/demo/vertical-menu/auth-cover-forgot-password.html]
[codervent.com/maxton/demo/vertical-menu/auth-cover-reset-password.html]
[codervent.com/maxton/demo/vertical-menu/auth-boxed-login.html]
[codervent.com/maxton/demo/vertical-menu/auth-boxed-register.html]
[codervent.com/maxton/demo/vertical-menu/auth-boxed-forgot-password.html]
[codervent.com/maxton/demo/vertical-menu/auth-boxed-reset-password.html]
[codervent.com/maxton/demo/vertical-menu/user-profile.html]
[codervent.com/maxton/demo/vertical-menu/timeline.html]
[codervent.com/maxton/demo/vertical-menu/pages-error-404.html]
[codervent.com/maxton/demo/vertical-menu/pages-error-505.html]
[codervent.com/maxton/demo/vertical-menu/pages-coming-soon.html]
[codervent.com/maxton/demo/vertical-menu/pages-starter-page.html]
[codervent.com/maxton/demo/vertical-menu/faq.html]
[codervent.com/maxton/demo/vertical-menu/pricing-table.html]
[codervent.com/maxton/demo/vertical-menu/charts-apex-chart.html]
[codervent.com/maxton/demo/vertical-menu/charts-chartjs.html]
[codervent.com/maxton/demo/vertical-menu/map-google-maps.html]
[codervent.com/maxton/demo/vertical-menu/map-vector-maps.html]
[codervent.com/maxton/demo/vertical-menu/assets/images/gallery/welcome-back-3.png]
[codervent.com/maxton/demo/vertical-menu/assets/images/apps/17.png]
[codervent.com/maxton/demo/vertical-menu/assets/images/apps/18.png]
[codervent.com/maxton/demo/vertical-menu/assets/images/apps/19.png]
[codervent.com/maxton/demo/vertical-menu/assets/images/apps/20.png]
[codervent.com/maxton/demo/vertical-menu/assets/images/avatars/04.png]
[codervent.com/maxton/demo/vertical-menu/assets/images/avatars/05.png]
[codervent.com/maxton/demo/vertical-menu/assets/images/avatars/08.png]
[codervent.com/maxton/demo/vertical-menu/assets/images/top-products/01.png]
[codervent.com/maxton/demo/vertical-menu/assets/images/top-products/02.png]
[codervent.com/maxton/demo/vertical-menu/assets/images/top-products/03.png]
[codervent.com/maxton/demo/vertical-menu/assets/images/top-products/04.png]
[codervent.com/maxton/demo/vertical-menu/assets/images/top-products/06.png]
[codervent.com/maxton/demo/vertical-menu/assets/images/orders/01.png]
[codervent.com/maxton/demo/vertical-menu/assets/images/orders/02.png]
[codervent.com/maxton/demo/vertical-menu/assets/images/orders/03.png]
[codervent.com/maxton/demo/vertical-menu/assets/images/orders/04.png]
[codervent.com/maxton/demo/vertical-menu/assets/images/orders/05.png]
[codervent.com/maxton/demo/vertical-menu/assets/images/orders/06.png]
[codervent.com/maxton/demo/vertical-menu/assets/images/orders/07.png]
[codervent.com/maxton/demo/vertical-menu/assets/images/orders/08.png]
[codervent.com/maxton/demo/vertical-menu/assets/js/jquery.min.js]
[codervent.com/maxton/demo/vertical-menu/assets/js/bootstrap.bundle.min.js]
[codervent.com/maxton/demo/vertical-menu/assets/plugins/perfect-scrollbar/js/perfect-scrollbar.js]
[codervent.com/maxton/demo/vertical-menu/assets/plugins/metismenu/metisMenu.min.js]
[codervent.com/maxton/demo/vertical-menu/assets/plugins/apexchart/apexcharts.min.js]
[codervent.com/maxton/demo/vertical-menu/assets/plugins/simplebar/js/simplebar.min.js]
[codervent.com/maxton/demo/vertical-menu/assets/plugins/peity/jquery.peity.min.js]
[codervent.com/maxton/demo/vertical-menu/assets/js/main.js]
[codervent.com/maxton/demo/vertical-menu/assets/js/dashboard1.js]
[codervent.com/maxton/demo/vertical-menu/index.html]
[codervent.com/maxton/demo/vertical-menu/assets/css/pace.min.css]
[codervent.com/maxton/demo/vertical-menu/assets/plugins/perfect-scrollbar/css/perfect-scrollbar.css]
[codervent.com/maxton/demo/vertical-menu/assets/plugins/metismenu/metisMenu.min.css]
[codervent.com/maxton/demo/vertical-menu/assets/plugins/metismenu/mm-vertical.css]
[codervent.com/maxton/demo/vertical-menu/assets/plugins/simplebar/css/simplebar.css]
[codervent.com/maxton/demo/vertical-menu/assets/css/bootstrap.min.css]
[codervent.com/maxton/demo/vertical-menu/assets/css/bootstrap-extended.css]
[cdn.jsdelivr.net/npm/bootstrap-icons@1.11.1/font/bootstrap-icons.css]
[codervent.com/maxton/demo/vertical-menu/sass/main.css]
[codervent.com/maxton/demo/vertical-menu/sass/dark-theme.css]
[codervent.com/maxton/demo/vertical-menu/assets/images/bg-themes/body-background-1.webp]
[codervent.com/maxton/demo/vertical-menu/sass/blue-theme.css]
[codervent.com/maxton/demo/vertical-menu/sass/semi-dark.css]
[codervent.com/maxton/demo/vertical-menu/sass/bordered-theme.css]
[codervent.com/maxton/demo/vertical-menu/sass/responsive.css]
[codervent.com/maxton/demo/vertical-menu/assets/images/apps/party-popper.png]
[codervent.com/maxton/demo/vertical-menu/assets/images/apps/gift-box-3.png]
[codervent.com/maxton/demo/vertical-menu/assets/images/apps/twitter-circle.png]
[codervent.com/maxton/demo/vertical-menu/assets/images/top-products/05.png]
[codervent.com/maxton/demo/vertical-menu/assets/images/apps/paypal.png]
[codervent.com/maxton/demo/vertical-menu/assets/images/apps/behance.png]
[codervent.com/maxton/demo/vertical-menu/assets/images/apps/apple.png]
[codervent.com/maxton/demo/vertical-menu/assets/js/dashboard2.js]
[codervent.com/maxton/demo/vertical-menu/index2.html]
[codervent.com/maxton/demo/vertical-menu/assets/js/data-widgets.js]
[codervent.com/maxton/demo/vertical-menu/widgets-data.html]
[codervent.com/maxton/demo/vertical-menu/assets/images/avatars/11.png]
[codervent.com/maxton/demo/vertical-menu/assets/images/avatars/12.png]
[codervent.com/maxton/demo/vertical-menu/assets/images/top-products/07.png]
[codervent.com/maxton/demo/vertical-menu/assets/images/projects/angular.png]
[codervent.com/maxton/demo/vertical-menu/assets/images/projects/react.png]
[codervent.com/maxton/demo/vertical-menu/assets/images/projects/vue.png]
[codervent.com/maxton/demo/vertical-menu/assets/images/projects/bootstrap.png]
[codervent.com/maxton/demo/vertical-menu/assets/images/projects/magento.png]
[codervent.com/maxton/demo/vertical-menu/assets/images/projects/django.png]
[codervent.com/maxton/demo/vertical-menu/assets/images/projects/python.png]
[codervent.com/maxton/demo/vertical-menu/widgets-static.html]
[codervent.com/maxton/demo/vertical-menu/app-emailbox.html]
[codervent.com/maxton/demo/vertical-menu/app-emailread.html]
[unpkg.com/boxicons@2.1.4/css/boxicons.min.css]
[codervent.com/maxton/demo/vertical-menu/assets/images/avatars/07.png]
[codervent.com/maxton/demo/vertical-menu/assets/images/avatars/09.png]
[codervent.com/maxton/demo/vertical-menu/assets/images/avatars/10.png]
[codervent.com/maxton/demo/vertical-menu/app-chat-box.html]
[codervent.com/maxton/demo/vertical-menu/assets/plugins/fullcalendar/css/main.min.css]
[codervent.com/maxton/demo/vertical-menu/app-fullcalender.html]
[codervent.com/maxton/demo/vertical-menu/app-to-do.html]
[codervent.com/maxton/demo/vertical-menu/app-invoice.html]
[codervent.com/maxton/demo/vertical-menu/assets/plugins/fullcalendar/js/main.min.js]
[codervent.com/maxton/demo/vertical-menu/assets/images/gallery/09.png]
[codervent.com/maxton/demo/vertical-menu/assets/images/gallery/11.png]
[codervent.com/maxton/demo/vertical-menu/assets/images/gallery/12.png]
[codervent.com/maxton/demo/vertical-menu/assets/images/gallery/10.png]
[codervent.com/maxton/demo/vertical-menu/assets/images/gallery/20.png]
[codervent.com/maxton/demo/vertical-menu/assets/images/gallery/21.png]
[codervent.com/maxton/demo/vertical-menu/assets/images/gallery/22.png]
[codervent.com/maxton/demo/vertical-menu/assets/images/gallery/23.png]
[codervent.com/maxton/demo/vertical-menu/assets/images/gallery/24.png]
[codervent.com/maxton/demo/vertical-menu/assets/images/gallery/25.png]
[codervent.com/maxton/demo/vertical-menu/assets/images/gallery/26.png]
[codervent.com/maxton/demo/vertical-menu/assets/images/cat/01.png]
[codervent.com/maxton/demo/vertical-menu/assets/images/cat/02.png]
[codervent.com/maxton/demo/vertical-menu/assets/images/cat/03.png]
[codervent.com/maxton/demo/vertical-menu/assets/images/cat/04.png]
[codervent.com/maxton/demo/vertical-menu/assets/images/cat/05.png]
[codervent.com/maxton/demo/vertical-menu/assets/images/cat/06.png]
[codervent.com/maxton/demo/vertical-menu/assets/images/gallery/15.png]
[codervent.com/maxton/demo/vertical-menu/assets/images/gallery/16.png]
[codervent.com/maxton/demo/vertical-menu/assets/images/gallery/17.png]
[codervent.com/maxton/demo/vertical-menu/assets/images/gallery/01.png]
[codervent.com/maxton/demo/vertical-menu/assets/images/gallery/02.png]
[codervent.com/maxton/demo/vertical-menu/assets/images/gallery/03.png]
[codervent.com/maxton/demo/vertical-menu/assets/images/gallery/05.png]
[codervent.com/maxton/demo/vertical-menu/assets/images/gallery/06.png]
[codervent.com/maxton/demo/vertical-menu/assets/images/gallery/08.png]
[codervent.com/maxton/demo/vertical-menu/assets/images/gallery/14.png]
[codervent.com/maxton/demo/vertical-menu/assets/images/gallery/18.png]
[codervent.com/maxton/demo/vertical-menu/assets/images/gallery/19.png]
[codervent.com/maxton/demo/vertical-menu/cards.html]
[codervent.com/maxton/demo/vertical-menu/assets/plugins/fancy-file-uploader/fancy_fileupload.css]
[codervent.com/maxton/demo/vertical-menu/assets/plugins/fancy-file-uploader/jquery.ui.widget.js]
[codervent.com/maxton/demo/vertical-menu/assets/plugins/fancy-file-uploader/jquery.fileupload.js]
[codervent.com/maxton/demo/vertical-menu/assets/plugins/fancy-file-uploader/jquery.iframe-transport.js]
[codervent.com/maxton/demo/vertical-menu/assets/plugins/fancy-file-uploader/jquery.fancy-fileupload.js]
[codervent.com/maxton/demo/vertical-menu/ecommerce-add-product.html]
[codervent.com/maxton/demo/vertical-menu/assets/images/orders/09.png]
[codervent.com/maxton/demo/vertical-menu/ecommerce-products.html]
[codervent.com/maxton/demo/vertical-menu/ecommerce-customers.html]
[codervent.com/maxton/demo/vertical-menu/ecommerce-customer-details.html]
[codervent.com/maxton/demo/vertical-menu/ecommerce-orders.html]
[codervent.com/maxton/demo/vertical-menu/ecommerce-order-details.html]
[codervent.com/maxton/demo/vertical-menu/component-alerts.html]
[codervent.com/maxton/demo/vertical-menu/component-accordions.html]
[codervent.com/maxton/demo/vertical-menu/component-badges.html]
[codervent.com/maxton/demo/vertical-menu/component-buttons.html]
[codervent.com/maxton/demo/vertical-menu/assets/images/carousels/01.png]
[codervent.com/maxton/demo/vertical-menu/assets/images/carousels/02.png]
[codervent.com/maxton/demo/vertical-menu/assets/images/carousels/03.png]
[codervent.com/maxton/demo/vertical-menu/assets/images/carousels/04.png]
[codervent.com/maxton/demo/vertical-menu/assets/images/carousels/05.png]
[codervent.com/maxton/demo/vertical-menu/assets/images/carousels/06.png]
[codervent.com/maxton/demo/vertical-menu/assets/images/carousels/07.png]
[codervent.com/maxton/demo/vertical-menu/assets/images/carousels/08.png]
[codervent.com/maxton/demo/vertical-menu/assets/images/carousels/09.png]
[codervent.com/maxton/demo/vertical-menu/assets/images/carousels/10.png]
[codervent.com/maxton/demo/vertical-menu/assets/images/carousels/11.png]
[codervent.com/maxton/demo/vertical-menu/assets/images/carousels/12.png]
[codervent.com/maxton/demo/vertical-menu/assets/images/carousels/13.png]
[codervent.com/maxton/demo/vertical-menu/assets/images/carousels/14.png]
[codervent.com/maxton/demo/vertical-menu/assets/images/carousels/15.png]
[codervent.com/maxton/demo/vertical-menu/component-carousels.html]
[codervent.com/maxton/demo/vertical-menu/component-media-object.html]
[codervent.com/maxton/demo/vertical-menu/assets/images/gallery/04.png]
[codervent.com/maxton/demo/vertical-menu/component-modals.html]
[codervent.com/maxton/demo/vertical-menu/component-navs-tabs.html]
[codervent.com/maxton/demo/vertical-menu/component-navbar.html]
[codervent.com/maxton/demo/vertical-menu/component-paginations.html]
[codervent.com/maxton/demo/vertical-menu/component-popovers-tooltips.html]
[codervent.com/maxton/demo/vertical-menu/component-progress-bars.html]
[codervent.com/maxton/demo/vertical-menu/component-spinners.html]
[codervent.com/maxton/demo/vertical-menu/assets/plugins/notifications/css/lobibox.min.css]
[codervent.com/maxton/demo/vertical-menu/assets/plugins/notifications/js/lobibox.min.js]
[codervent.com/maxton/demo/vertical-menu/assets/plugins/notifications/js/notifications.min.js]
[codervent.com/maxton/demo/vertical-menu/assets/plugins/notifications/js/notification-custom-script.js]
[codervent.com/maxton/demo/vertical-menu/component-notifications.html]
[codervent.com/maxton/demo/vertical-menu/component-avtars-chips.html]
[codervent.com/maxton/demo/vertical-menu/component-typography.html]
[codervent.com/maxton/demo/vertical-menu/component-text-utilities.html]
[codervent.com/maxton/demo/vertical-menu/icons-line-icons.html]
[codervent.com/maxton/demo/vertical-menu/assets/css/extra-icons.css]
[codervent.com/maxton/demo/vertical-menu/icons-boxicons.html]
[codervent.com/maxton/demo/vertical-menu/icons-feather-icons.html]
[codervent.com/maxton/demo/vertical-menu/assets/plugins/input-tags/css/tagsinput.css]
[codervent.com/maxton/demo/vertical-menu/assets/plugins/input-tags/js/tagsinput.js]
[codervent.com/maxton/demo/vertical-menu/form-elements.html]
[codervent.com/maxton/demo/vertical-menu/form-input-group.html]
[codervent.com/maxton/demo/vertical-menu/form-radios-and-checkboxes.html]
[codervent.com/maxton/demo/vertical-menu/form-layouts.html]
[codervent.com/maxton/demo/vertical-menu/assets/plugins/validation/jquery.validate.min.js]
[codervent.com/maxton/demo/vertical-menu/assets/plugins/validation/validation-script.js]
[codervent.com/maxton/demo/vertical-menu/form-validations.html]
[codervent.com/maxton/demo/vertical-menu/assets/plugins/bs-stepper/css/bs-stepper.css]
[codervent.com/maxton/demo/vertical-menu/assets/plugins/bs-stepper/js/bs-stepper.min.js]
[codervent.com/maxton/demo/vertical-menu/assets/plugins/bs-stepper/js/main.js]
[codervent.com/maxton/demo/vertical-menu/form-wizard.html]
[codervent.com/maxton/demo/vertical-menu/assets/plugins/Drag-And-Drop/dist/imageuploadify.min.css]
[codervent.com/maxton/demo/vertical-menu/assets/plugins/Drag-And-Drop/dist/imageuploadify.min.js]
[codervent.com/maxton/demo/vertical-menu/form-file-upload.html]
[codervent.com/maxton/demo/vertical-menu/form-date-time-pickes.html]
[cdn.jsdelivr.net/npm/flatpickr/dist/flatpickr.min.css]
[cdn.jsdelivr.net/npm/select2@4.1.0-rc.0/dist/css/select2.min.css]
[cdn.jsdelivr.net/npm/select2-bootstrap-5-theme@1.3.0/dist/select2-bootstrap-5-theme.min.css]
[cdn.jsdelivr.net/npm/select2@4.1.0-rc.0/dist/js/select2.min.js]
[codervent.com/maxton/demo/vertical-menu/assets/plugins/select2/js/select2-custom.js]
[codervent.com/maxton/demo/vertical-menu/form-select2.html]
[codervent.com/maxton/demo/vertical-menu/assets/plugins/form-repeater/repeater.js]
[codervent.com/maxton/demo/vertical-menu/form-repeater.html]
[codervent.com/maxton/demo/vertical-menu/table-basic-table.html]
[codervent.com/maxton/demo/vertical-menu/assets/plugins/datatable/css/dataTables.bootstrap5.min.css]
[codervent.com/maxton/demo/vertical-menu/assets/plugins/datatable/js/dataTables.bootstrap5.min.js]
[codervent.com/maxton/demo/vertical-menu/table-datatable.html]
[codervent.com/maxton/demo/vertical-menu/assets/images/logo1.png]
[codervent.com/maxton/demo/vertical-menu/auth-basic-login.html]
[codervent.com/maxton/demo/vertical-menu/auth-basic-register.html]
[codervent.com/maxton/demo/vertical-menu/auth-basic-forgot-password.html]
[codervent.com/maxton/demo/vertical-menu/auth-basic-reset-password.html]
[codervent.com/maxton/demo/vertical-menu/assets/images/auth/login1.png]
[codervent.com/maxton/demo/vertical-menu/auth-cover-login.html]
[codervent.com/maxton/demo/vertical-menu/assets/plugins/datatable/js/jquery.dataTables.min.js]
[codervent.com/maxton/demo/vertical-menu/assets/images/auth/register1.png]
[codervent.com/maxton/demo/vertical-menu/auth-cover-register.html]
[codervent.com/maxton/demo/vertical-menu/assets/images/auth/reset-password1.png]
[codervent.com/maxton/demo/vertical-menu/auth-cover-forgot-password.html]
[codervent.com/maxton/demo/vertical-menu/assets/images/auth/forgot-password1.png]
[codervent.com/maxton/demo/vertical-menu/auth-cover-reset-password.html]
[codervent.com/maxton/demo/vertical-menu/auth-boxed-login.html]
[codervent.com/maxton/demo/vertical-menu/auth-boxed-register.html]
[codervent.com/maxton/demo/vertical-menu/auth-boxed-forgot-password.html]
[codervent.com/maxton/demo/vertical-menu/auth-boxed-reset-password.html]
[codervent.com/maxton/demo/vertical-menu/user-profile.html]
[codervent.com/maxton/demo/vertical-menu/timeline.html]
[codervent.com/maxton/demo/vertical-menu/pages-error-404.html]
[codervent.com/maxton/demo/vertical-menu/pages-error-505.html]
[codervent.com/maxton/demo/vertical-menu/pages-coming-soon.html]
[codervent.com/maxton/demo/vertical-menu/pages-starter-page.html]
[codervent.com/maxton/demo/vertical-menu/faq.html]
[codervent.com/maxton/demo/vertical-menu/pricing-table.html]
[codervent.com/maxton/demo/vertical-menu/assets/plugins/apexchart/apex-custom-chart.js]
[codervent.com/maxton/demo/vertical-menu/charts-apex-chart.html]
[codervent.com/maxton/demo/vertical-menu/assets/plugins/chartjs/js/chart.js]
[codervent.com/maxton/demo/vertical-menu/assets/plugins/chartjs/js/chartjs-custom.js]
[codervent.com/maxton/demo/vertical-menu/charts-chartjs.html]
[codervent.com/maxton/demo/vertical-menu/assets/plugins/gmaps/map-custom-script.js]
[codervent.com/maxton/demo/vertical-menu/map-google-maps.html]
[codervent.com/maxton/demo/vertical-menu/assets/plugins/vectormap/jquery-jvectormap-2.0.2.css]
[codervent.com/maxton/demo/vertical-menu/assets/plugins/vectormap/jquery-jvectormap-2.0.2.min.js]
[codervent.com/maxton/demo/vertical-menu/assets/plugins/vectormap/jquery-jvectormap-world-mill-en.js]
[codervent.com/maxton/demo/vertical-menu/assets/plugins/vectormap/jquery-jvectormap-in-mill.js]
[codervent.com/maxton/demo/vertical-menu/assets/plugins/vectormap/jquery-jvectormap-us-aea-en.js]
[codervent.com/maxton/demo/vertical-menu/assets/plugins/vectormap/jquery-jvectormap-uk-mill-en.js]
[codervent.com/maxton/demo/vertical-menu/assets/plugins/vectormap/jquery-jvectormap-au-mill.js]
[codervent.com/maxton/demo/vertical-menu/assets/plugins/vectormap/jvectormap.custom.js]
[codervent.com/maxton/demo/vertical-menu/map-vector-maps.html]
[cdn.jsdelivr.net/npm/bootstrap-icons@1.11.1/font/fonts/bootstrap-iconsafdf.woff2]
[cdn.jsdelivr.net/npm/bootstrap-icons@1.11.1/font/fonts/bootstrap-iconsafdf.woff]
[cdn.jsdelivr.net/npm/bootstrap-icons@1.11.1/font/bootstrap-icons.css]
[codervent.com/maxton/demo/vertical-menu/assets/images/auth/error-bg.html]
[codervent.com/maxton/demo/vertical-menu/assets/images/auth/bg-login.html]
[codervent.com/maxton/demo/vertical-menu/assets/images/auth/bg-register.html]
[codervent.com/maxton/demo/vertical-menu/assets/images/auth/bg-forgot.html]
[codervent.com/maxton/demo/vertical-menu/assets/images/auth/bg-reset-password.html]
[unpkg.com/boxicons@2.1.4/css/boxicons.min.css]
[codervent.com/maxton/demo/vertical-menu/assets/plugins/fullcalendar/css/main.min.css]
[codervent.com/maxton/demo/vertical-menu/assets/plugins/fancy-file-uploader/fancy_upload.png]
[codervent.com/maxton/demo/vertical-menu/assets/plugins/fancy-file-uploader/fancy_microphone.png]
[codervent.com/maxton/demo/vertical-menu/assets/plugins/fancy-file-uploader/fancy_webcam.png]
[codervent.com/maxton/demo/vertical-menu/assets/plugins/fancy-file-uploader/fancy_okay.png]
[codervent.com/maxton/demo/vertical-menu/assets/plugins/fancy-file-uploader/fancy_remove.png]
[codervent.com/maxton/demo/vertical-menu/assets/plugins/fancy-file-uploader/fancy_fileupload.css]
[codervent.com/maxton/demo/vertical-menu/assets/plugins/notifications/css/lobibox.min.css]
[codervent.com/maxton/demo/vertical-menu/assets/fonts/boxicons.eot]
[codervent.com/maxton/demo/vertical-menu/assets/fonts/boxicons.woff2]
[codervent.com/maxton/demo/vertical-menu/assets/fonts/boxicons.woff]
[codervent.com/maxton/demo/vertical-menu/assets/fonts/boxicons.ttf]
[codervent.com/maxton/demo/vertical-menu/assets/fonts/LineIcons.eot]
[codervent.com/maxton/demo/vertical-menu/assets/fonts/LineIcons.woff2]
[codervent.com/maxton/demo/vertical-menu/assets/fonts/LineIcons.woff]
[codervent.com/maxton/demo/vertical-menu/assets/fonts/LineIcons.ttf]
[codervent.com/maxton/demo/vertical-menu/assets/css/extra-icons.css]
[codervent.com/maxton/demo/vertical-menu/assets/plugins/input-tags/css/tagsinput.css]
[codervent.com/maxton/demo/vertical-menu/assets/plugins/bs-stepper/css/bs-stepper.css]
[codervent.com/maxton/demo/vertical-menu/assets/plugins/Drag-And-Drop/dist/imageuploadify.min.css]
[cdn.jsdelivr.net/npm/flatpickr/dist/flatpickr.min.css]
[cdn.jsdelivr.net/npm/select2@4.1.0-rc.0/dist/css/select2.min.css]
[cdn.jsdelivr.net/npm/select2-bootstrap-5-theme@1.3.0/dist/select2-bootstrap-5-theme.min.css]
[codervent.com/maxton/demo/vertical-menu/assets/plugins/datatable/css/dataTables.bootstrap5.min.css]
[codervent.com/maxton/demo/vertical-menu/assets/images/gallery/profile-cover.html]
[codervent.com/maxton/demo/vertical-menu/assets/plugins/vectormap/jquery-jvectormap-2.0.2.css]
[codervent.com/maxton/demo/vertical-menu/assets/fonts/boxiconsd41d.svg]
[codervent.com/maxton/demo/vertical-menu/assets/fonts/LineIcons.svg]
[codervent.com/maxton/demo/vertical-menu/assets/flags/4x3/ad.html]
[codervent.com/maxton/demo/vertical-menu/assets/flags/1x1/ad.html]
[codervent.com/maxton/demo/vertical-menu/assets/flags/4x3/ae.html]
[codervent.com/maxton/demo/vertical-menu/assets/flags/1x1/ae.html]
[codervent.com/maxton/demo/vertical-menu/assets/flags/4x3/af.html]
[codervent.com/maxton/demo/vertical-menu/assets/flags/1x1/af.html]
[codervent.com/maxton/demo/vertical-menu/assets/flags/4x3/ag.html]
[codervent.com/maxton/demo/vertical-menu/assets/flags/1x1/ag.html]
[codervent.com/maxton/demo/vertical-menu/assets/flags/4x3/ai.html]
[codervent.com/maxton/demo/vertical-menu/assets/flags/1x1/ai.html]
[codervent.com/maxton/demo/vertical-menu/assets/flags/4x3/al.html]
[codervent.com/maxton/demo/vertical-menu/assets/flags/1x1/al.html]
[codervent.com/maxton/demo/vertical-menu/assets/flags/4x3/am.html]
[codervent.com/maxton/demo/vertical-menu/assets/flags/1x1/am.html]
[codervent.com/maxton/demo/vertical-menu/assets/flags/4x3/ao.html]
[codervent.com/maxton/demo/vertical-menu/assets/flags/1x1/ao.html]
[codervent.com/maxton/demo/vertical-menu/assets/flags/4x3/aq.html]
[codervent.com/maxton/demo/vertical-menu/assets/flags/1x1/aq.html]
[codervent.com/maxton/demo/vertical-menu/assets/flags/4x3/ar.html]
[codervent.com/maxton/demo/vertical-menu/assets/flags/1x1/ar.html]
[codervent.com/maxton/demo/vertical-menu/assets/flags/4x3/as.html]
[codervent.com/maxton/demo/vertical-menu/assets/flags/1x1/as.html]
[codervent.com/maxton/demo/vertical-menu/assets/flags/4x3/at.html]
[codervent.com/maxton/demo/vertical-menu/assets/flags/1x1/at.html]
[codervent.com/maxton/demo/vertical-menu/assets/flags/4x3/au.html]
[codervent.com/maxton/demo/vertical-menu/assets/flags/1x1/au.html]
[codervent.com/maxton/demo/vertical-menu/assets/flags/4x3/aw.html]
[codervent.com/maxton/demo/vertical-menu/assets/flags/1x1/aw.html]
[codervent.com/maxton/demo/vertical-menu/assets/flags/4x3/ax.html]
[codervent.com/maxton/demo/vertical-menu/assets/flags/1x1/ax.html]
[codervent.com/maxton/demo/vertical-menu/assets/flags/4x3/az.html]
[codervent.com/maxton/demo/vertical-menu/assets/flags/1x1/az.html]
[codervent.com/maxton/demo/vertical-menu/assets/flags/4x3/ba.html]
[codervent.com/maxton/demo/vertical-menu/assets/flags/1x1/ba.html]
[codervent.com/maxton/demo/vertical-menu/assets/flags/4x3/bb.html]
[codervent.com/maxton/demo/vertical-menu/assets/flags/1x1/bb.html]
[codervent.com/maxton/demo/vertical-menu/assets/flags/4x3/bd.html]
[codervent.com/maxton/demo/vertical-menu/assets/flags/1x1/bd.html]
[codervent.com/maxton/demo/vertical-menu/assets/flags/4x3/be.html]
[codervent.com/maxton/demo/vertical-menu/assets/flags/1x1/be.html]
[codervent.com/maxton/demo/vertical-menu/assets/flags/4x3/bf.html]
[codervent.com/maxton/demo/vertical-menu/assets/flags/1x1/bf.html]
[codervent.com/maxton/demo/vertical-menu/assets/flags/4x3/bg.html]
[codervent.com/maxton/demo/vertical-menu/assets/flags/1x1/bg.html]
[codervent.com/maxton/demo/vertical-menu/assets/flags/4x3/bh.html]
[codervent.com/maxton/demo/vertical-menu/assets/flags/1x1/bh.html]
[codervent.com/maxton/demo/vertical-menu/assets/flags/4x3/bi.html]
[codervent.com/maxton/demo/vertical-menu/assets/flags/1x1/bi.html]
[codervent.com/maxton/demo/vertical-menu/assets/flags/4x3/bj.html]
[codervent.com/maxton/demo/vertical-menu/assets/flags/1x1/bj.html]
[codervent.com/maxton/demo/vertical-menu/assets/flags/4x3/bl.html]
[codervent.com/maxton/demo/vertical-menu/assets/flags/1x1/bl.html]
[codervent.com/maxton/demo/vertical-menu/assets/flags/4x3/bm.html]
[codervent.com/maxton/demo/vertical-menu/assets/flags/1x1/bm.html]
[codervent.com/maxton/demo/vertical-menu/assets/flags/4x3/bn.html]
[codervent.com/maxton/demo/vertical-menu/assets/flags/1x1/bn.html]
[codervent.com/maxton/demo/vertical-menu/assets/flags/4x3/bo.html]
[codervent.com/maxton/demo/vertical-menu/assets/flags/1x1/bo.html]
[codervent.com/maxton/demo/vertical-menu/assets/flags/4x3/bq.html]
[codervent.com/maxton/demo/vertical-menu/assets/flags/1x1/bq.html]
[codervent.com/maxton/demo/vertical-menu/assets/flags/4x3/br.html]
[codervent.com/maxton/demo/vertical-menu/assets/flags/1x1/br.html]
[codervent.com/maxton/demo/vertical-menu/assets/flags/4x3/bs.html]
[codervent.com/maxton/demo/vertical-menu/assets/flags/1x1/bs.html]
[codervent.com/maxton/demo/vertical-menu/assets/flags/4x3/bt.html]
[codervent.com/maxton/demo/vertical-menu/assets/flags/1x1/bt.html]
[codervent.com/maxton/demo/vertical-menu/assets/flags/4x3/bv.html]
[codervent.com/maxton/demo/vertical-menu/assets/flags/1x1/bv.html]
[codervent.com/maxton/demo/vertical-menu/assets/flags/4x3/bw.html]
[codervent.com/maxton/demo/vertical-menu/assets/flags/1x1/bw.html]
[codervent.com/maxton/demo/vertical-menu/assets/flags/4x3/by.html]
[codervent.com/maxton/demo/vertical-menu/assets/flags/1x1/by.html]
[codervent.com/maxton/demo/vertical-menu/assets/flags/4x3/bz.html]
[codervent.com/maxton/demo/vertical-menu/assets/flags/1x1/bz.html]
[codervent.com/maxton/demo/vertical-menu/assets/flags/4x3/ca.html]
[codervent.com/maxton/demo/vertical-menu/assets/flags/1x1/ca.html]
[codervent.com/maxton/demo/vertical-menu/assets/flags/4x3/cc.html]
[codervent.com/maxton/demo/vertical-menu/assets/flags/1x1/cc.html]
[codervent.com/maxton/demo/vertical-menu/assets/flags/4x3/cd.html]
[codervent.com/maxton/demo/vertical-menu/assets/flags/1x1/cd.html]
[codervent.com/maxton/demo/vertical-menu/assets/flags/4x3/cf.html]
[codervent.com/maxton/demo/vertical-menu/assets/flags/1x1/cf.html]
[codervent.com/maxton/demo/vertical-menu/assets/flags/4x3/cg.html]
[codervent.com/maxton/demo/vertical-menu/assets/flags/1x1/cg.html]
[codervent.com/maxton/demo/vertical-menu/assets/flags/4x3/ch.html]
[codervent.com/maxton/demo/vertical-menu/assets/flags/1x1/ch.html]
[codervent.com/maxton/demo/vertical-menu/assets/flags/4x3/ci.html]
[codervent.com/maxton/demo/vertical-menu/assets/flags/1x1/ci.html]
[codervent.com/maxton/demo/vertical-menu/assets/flags/4x3/ck.html]
[codervent.com/maxton/demo/vertical-menu/assets/flags/1x1/ck.html]
[codervent.com/maxton/demo/vertical-menu/assets/flags/4x3/cl.html]
[codervent.com/maxton/demo/vertical-menu/assets/flags/1x1/cl.html]
[codervent.com/maxton/demo/vertical-menu/assets/flags/4x3/cm.html]
[codervent.com/maxton/demo/vertical-menu/assets/flags/1x1/cm.html]
[codervent.com/maxton/demo/vertical-menu/assets/flags/4x3/cn.html]
[codervent.com/maxton/demo/vertical-menu/assets/flags/1x1/cn.html]
[codervent.com/maxton/demo/vertical-menu/assets/flags/4x3/co.html]
[codervent.com/maxton/demo/vertical-menu/assets/flags/1x1/co.html]
[codervent.com/maxton/demo/vertical-menu/assets/flags/4x3/cr.html]
[codervent.com/maxton/demo/vertical-menu/assets/flags/1x1/cr.html]
[codervent.com/maxton/demo/vertical-menu/assets/flags/4x3/cu.html]
[codervent.com/maxton/demo/vertical-menu/assets/flags/1x1/cu.html]
[codervent.com/maxton/demo/vertical-menu/assets/flags/4x3/cv.html]
[codervent.com/maxton/demo/vertical-menu/assets/flags/1x1/cv.html]
[codervent.com/maxton/demo/vertical-menu/assets/flags/4x3/cw.html]
[codervent.com/maxton/demo/vertical-menu/assets/flags/1x1/cw.html]
[codervent.com/maxton/demo/vertical-menu/assets/flags/4x3/cx.html]
[codervent.com/maxton/demo/vertical-menu/assets/flags/1x1/cx.html]
[codervent.com/maxton/demo/vertical-menu/assets/flags/4x3/cy.html]
[codervent.com/maxton/demo/vertical-menu/assets/flags/1x1/cy.html]
[codervent.com/maxton/demo/vertical-menu/assets/flags/4x3/cz.html]
[codervent.com/maxton/demo/vertical-menu/assets/flags/1x1/cz.html]
[codervent.com/maxton/demo/vertical-menu/assets/flags/4x3/de.html]
[codervent.com/maxton/demo/vertical-menu/assets/flags/1x1/de.html]
[codervent.com/maxton/demo/vertical-menu/assets/flags/4x3/dj.html]
[codervent.com/maxton/demo/vertical-menu/assets/flags/1x1/dj.html]
[codervent.com/maxton/demo/vertical-menu/assets/flags/4x3/dk.html]
[codervent.com/maxton/demo/vertical-menu/assets/flags/1x1/dk.html]
[codervent.com/maxton/demo/vertical-menu/assets/flags/4x3/dm.html]
[codervent.com/maxton/demo/vertical-menu/assets/flags/1x1/dm.html]
[codervent.com/maxton/demo/vertical-menu/assets/flags/4x3/do.html]
[codervent.com/maxton/demo/vertical-menu/assets/flags/1x1/do.html]
[codervent.com/maxton/demo/vertical-menu/assets/flags/4x3/dz.html]
[codervent.com/maxton/demo/vertical-menu/assets/flags/1x1/dz.html]
[codervent.com/maxton/demo/vertical-menu/assets/flags/4x3/ec.html]
[codervent.com/maxton/demo/vertical-menu/assets/flags/1x1/ec.html]
[codervent.com/maxton/demo/vertical-menu/assets/flags/4x3/ee.html]
[codervent.com/maxton/demo/vertical-menu/assets/flags/1x1/ee.html]
[codervent.com/maxton/demo/vertical-menu/assets/flags/4x3/eg.html]
[codervent.com/maxton/demo/vertical-menu/assets/flags/1x1/eg.html]
[codervent.com/maxton/demo/vertical-menu/assets/flags/4x3/eh.html]
[codervent.com/maxton/demo/vertical-menu/assets/flags/1x1/eh.html]
[codervent.com/maxton/demo/vertical-menu/assets/flags/4x3/er.html]
[codervent.com/maxton/demo/vertical-menu/assets/flags/1x1/er.html]
[codervent.com/maxton/demo/vertical-menu/assets/flags/4x3/es.html]
[codervent.com/maxton/demo/vertical-menu/assets/flags/1x1/es.html]
[codervent.com/maxton/demo/vertical-menu/assets/flags/4x3/et.html]
[codervent.com/maxton/demo/vertical-menu/assets/flags/1x1/et.html]
[codervent.com/maxton/demo/vertical-menu/assets/flags/4x3/fi.html]
[codervent.com/maxton/demo/vertical-menu/assets/flags/1x1/fi.html]
[codervent.com/maxton/demo/vertical-menu/assets/flags/4x3/fj.html]
[codervent.com/maxton/demo/vertical-menu/assets/flags/1x1/fj.html]
[codervent.com/maxton/demo/vertical-menu/assets/flags/4x3/fk.html]
[codervent.com/maxton/demo/vertical-menu/assets/flags/1x1/fk.html]
[codervent.com/maxton/demo/vertical-menu/assets/flags/4x3/fm.html]
[codervent.com/maxton/demo/vertical-menu/assets/flags/1x1/fm.html]
[codervent.com/maxton/demo/vertical-menu/assets/flags/4x3/fo.html]
[codervent.com/maxton/demo/vertical-menu/assets/flags/1x1/fo.html]
[codervent.com/maxton/demo/vertical-menu/assets/flags/4x3/fr.html]
[codervent.com/maxton/demo/vertical-menu/assets/flags/1x1/fr.html]
[codervent.com/maxton/demo/vertical-menu/assets/flags/4x3/ga.html]
[codervent.com/maxton/demo/vertical-menu/assets/flags/1x1/ga.html]
[codervent.com/maxton/demo/vertical-menu/assets/flags/4x3/gb.html]
[codervent.com/maxton/demo/vertical-menu/assets/flags/1x1/gb.html]
[codervent.com/maxton/demo/vertical-menu/assets/flags/4x3/gd.html]
[codervent.com/maxton/demo/vertical-menu/assets/flags/1x1/gd.html]
[codervent.com/maxton/demo/vertical-menu/assets/flags/4x3/ge.html]
[codervent.com/maxton/demo/vertical-menu/assets/flags/1x1/ge.html]
[codervent.com/maxton/demo/vertical-menu/assets/flags/4x3/gf.html]
[codervent.com/maxton/demo/vertical-menu/assets/flags/1x1/gf.html]
[codervent.com/maxton/demo/vertical-menu/assets/flags/4x3/gg.html]
[codervent.com/maxton/demo/vertical-menu/assets/flags/1x1/gg.html]
[codervent.com/maxton/demo/vertical-menu/assets/flags/4x3/gh.html]
[codervent.com/maxton/demo/vertical-menu/assets/flags/1x1/gh.html]
[codervent.com/maxton/demo/vertical-menu/assets/flags/4x3/gi.html]
[codervent.com/maxton/demo/vertical-menu/assets/flags/1x1/gi.html]
[codervent.com/maxton/demo/vertical-menu/assets/flags/4x3/gl.html]
[codervent.com/maxton/demo/vertical-menu/assets/flags/1x1/gl.html]
[codervent.com/maxton/demo/vertical-menu/assets/flags/4x3/gm.html]
[codervent.com/maxton/demo/vertical-menu/assets/flags/1x1/gm.html]
[codervent.com/maxton/demo/vertical-menu/assets/flags/4x3/gn.html]
[codervent.com/maxton/demo/vertical-menu/assets/flags/1x1/gn.html]
[codervent.com/maxton/demo/vertical-menu/assets/flags/4x3/gp.html]
[codervent.com/maxton/demo/vertical-menu/assets/flags/1x1/gp.html]
[codervent.com/maxton/demo/vertical-menu/assets/flags/4x3/gq.html]
[codervent.com/maxton/demo/vertical-menu/assets/flags/1x1/gq.html]
[codervent.com/maxton/demo/vertical-menu/assets/flags/4x3/gr.html]
[codervent.com/maxton/demo/vertical-menu/assets/flags/1x1/gr.html]
[codervent.com/maxton/demo/vertical-menu/assets/flags/4x3/gs.html]
[codervent.com/maxton/demo/vertical-menu/assets/flags/1x1/gs.html]
[codervent.com/maxton/demo/vertical-menu/assets/flags/4x3/gt.html]
[codervent.com/maxton/demo/vertical-menu/assets/flags/1x1/gt.html]
[codervent.com/maxton/demo/vertical-menu/assets/flags/4x3/gu.html]
[codervent.com/maxton/demo/vertical-menu/assets/flags/1x1/gu.html]
[codervent.com/maxton/demo/vertical-menu/assets/flags/4x3/gw.html]
[codervent.com/maxton/demo/vertical-menu/assets/flags/1x1/gw.html]
[codervent.com/maxton/demo/vertical-menu/assets/flags/4x3/gy.html]
[codervent.com/maxton/demo/vertical-menu/assets/flags/1x1/gy.html]
[codervent.com/maxton/demo/vertical-menu/assets/flags/4x3/hk.html]
[codervent.com/maxton/demo/vertical-menu/assets/flags/1x1/hk.html]
[codervent.com/maxton/demo/vertical-menu/assets/flags/4x3/hm.html]
[codervent.com/maxton/demo/vertical-menu/assets/flags/1x1/hm.html]
[codervent.com/maxton/demo/vertical-menu/assets/flags/4x3/hn.html]
[codervent.com/maxton/demo/vertical-menu/assets/flags/1x1/hn.html]
[codervent.com/maxton/demo/vertical-menu/assets/flags/4x3/hr.html]
[codervent.com/maxton/demo/vertical-menu/assets/flags/1x1/hr.html]
[codervent.com/maxton/demo/vertical-menu/assets/flags/4x3/ht.html]
[codervent.com/maxton/demo/vertical-menu/assets/flags/1x1/ht.html]
[codervent.com/maxton/demo/vertical-menu/assets/flags/4x3/hu.html]
[codervent.com/maxton/demo/vertical-menu/assets/flags/1x1/hu.html]
[codervent.com/maxton/demo/vertical-menu/assets/flags/4x3/id.html]
[codervent.com/maxton/demo/vertical-menu/assets/flags/1x1/id.html]
[codervent.com/maxton/demo/vertical-menu/assets/flags/4x3/ie.html]
[codervent.com/maxton/demo/vertical-menu/assets/flags/1x1/ie.html]
[codervent.com/maxton/demo/vertical-menu/assets/flags/4x3/il.html]
[codervent.com/maxton/demo/vertical-menu/assets/flags/1x1/il.html]
[codervent.com/maxton/demo/vertical-menu/assets/flags/4x3/im.html]
[codervent.com/maxton/demo/vertical-menu/assets/flags/1x1/im.html]
[codervent.com/maxton/demo/vertical-menu/assets/flags/4x3/in.html]
[codervent.com/maxton/demo/vertical-menu/assets/flags/1x1/in.html]
[codervent.com/maxton/demo/vertical-menu/assets/flags/4x3/io.html]
[codervent.com/maxton/demo/vertical-menu/assets/flags/1x1/io.html]
[codervent.com/maxton/demo/vertical-menu/assets/flags/4x3/iq.html]
[codervent.com/maxton/demo/vertical-menu/assets/flags/1x1/iq.html]
[codervent.com/maxton/demo/vertical-menu/assets/flags/4x3/ir.html]
[codervent.com/maxton/demo/vertical-menu/assets/flags/1x1/ir.html]
[codervent.com/maxton/demo/vertical-menu/assets/flags/4x3/is.html]
[codervent.com/maxton/demo/vertical-menu/assets/flags/1x1/is.html]
[codervent.com/maxton/demo/vertical-menu/assets/flags/4x3/it.html]
[codervent.com/maxton/demo/vertical-menu/assets/flags/1x1/it.html]
[codervent.com/maxton/demo/vertical-menu/assets/flags/4x3/je.html]
[codervent.com/maxton/demo/vertical-menu/assets/flags/1x1/je.html]
[codervent.com/maxton/demo/vertical-menu/assets/flags/4x3/jm.html]
[codervent.com/maxton/demo/vertical-menu/assets/flags/1x1/jm.html]
[codervent.com/maxton/demo/vertical-menu/assets/flags/4x3/jo.html]
[codervent.com/maxton/demo/vertical-menu/assets/flags/1x1/jo.html]
[codervent.com/maxton/demo/vertical-menu/assets/flags/4x3/jp.html]
[codervent.com/maxton/demo/vertical-menu/assets/flags/1x1/jp.html]
[codervent.com/maxton/demo/vertical-menu/assets/flags/4x3/ke.html]
[codervent.com/maxton/demo/vertical-menu/assets/flags/1x1/ke.html]
[codervent.com/maxton/demo/vertical-menu/assets/flags/4x3/kg.html]
[codervent.com/maxton/demo/vertical-menu/assets/flags/1x1/kg.html]
[codervent.com/maxton/demo/vertical-menu/assets/flags/4x3/kh.html]
[codervent.com/maxton/demo/vertical-menu/assets/flags/1x1/kh.html]
[codervent.com/maxton/demo/vertical-menu/assets/flags/4x3/ki.html]
[codervent.com/maxton/demo/vertical-menu/assets/flags/1x1/ki.html]
[codervent.com/maxton/demo/vertical-menu/assets/flags/4x3/km.html]
[codervent.com/maxton/demo/vertical-menu/assets/flags/1x1/km.html]
[codervent.com/maxton/demo/vertical-menu/assets/flags/4x3/kn.html]
[codervent.com/maxton/demo/vertical-menu/assets/flags/1x1/kn.html]
[codervent.com/maxton/demo/vertical-menu/assets/flags/4x3/kp.html]
[codervent.com/maxton/demo/vertical-menu/assets/flags/1x1/kp.html]
[codervent.com/maxton/demo/vertical-menu/assets/flags/4x3/kr.html]
[codervent.com/maxton/demo/vertical-menu/assets/flags/1x1/kr.html]
[codervent.com/maxton/demo/vertical-menu/assets/flags/4x3/kw.html]
[codervent.com/maxton/demo/vertical-menu/assets/flags/1x1/kw.html]
[codervent.com/maxton/demo/vertical-menu/assets/flags/4x3/ky.html]
[codervent.com/maxton/demo/vertical-menu/assets/flags/1x1/ky.html]
[codervent.com/maxton/demo/vertical-menu/assets/flags/4x3/kz.html]
[codervent.com/maxton/demo/vertical-menu/assets/flags/1x1/kz.html]
[codervent.com/maxton/demo/vertical-menu/assets/flags/4x3/la.html]
[codervent.com/maxton/demo/vertical-menu/assets/flags/1x1/la.html]
[codervent.com/maxton/demo/vertical-menu/assets/flags/4x3/lb.html]
[codervent.com/maxton/demo/vertical-menu/assets/flags/1x1/lb.html]
[codervent.com/maxton/demo/vertical-menu/assets/flags/4x3/lc.html]
[codervent.com/maxton/demo/vertical-menu/assets/flags/1x1/lc.html]
[codervent.com/maxton/demo/vertical-menu/assets/flags/4x3/li.html]
[codervent.com/maxton/demo/vertical-menu/assets/flags/1x1/li.html]
[codervent.com/maxton/demo/vertical-menu/assets/flags/4x3/lk.html]
[codervent.com/maxton/demo/vertical-menu/assets/flags/1x1/lk.html]
[codervent.com/maxton/demo/vertical-menu/assets/flags/4x3/lr.html]
[codervent.com/maxton/demo/vertical-menu/assets/flags/1x1/lr.html]
[codervent.com/maxton/demo/vertical-menu/assets/flags/4x3/ls.html]
[codervent.com/maxton/demo/vertical-menu/assets/flags/1x1/ls.html]
[codervent.com/maxton/demo/vertical-menu/assets/flags/4x3/lt.html]
[codervent.com/maxton/demo/vertical-menu/assets/flags/1x1/lt.html]
[codervent.com/maxton/demo/vertical-menu/assets/flags/4x3/lu.html]
[codervent.com/maxton/demo/vertical-menu/assets/flags/1x1/lu.html]
[codervent.com/maxton/demo/vertical-menu/assets/flags/4x3/lv.html]
[codervent.com/maxton/demo/vertical-menu/assets/flags/1x1/lv.html]
[codervent.com/maxton/demo/vertical-menu/assets/flags/4x3/ly.html]
[codervent.com/maxton/demo/vertical-menu/assets/flags/1x1/ly.html]
[codervent.com/maxton/demo/vertical-menu/assets/flags/4x3/ma.html]
[codervent.com/maxton/demo/vertical-menu/assets/flags/1x1/ma.html]
[codervent.com/maxton/demo/vertical-menu/assets/flags/4x3/mc.html]
[codervent.com/maxton/demo/vertical-menu/assets/flags/1x1/mc.html]
[codervent.com/maxton/demo/vertical-menu/assets/flags/4x3/md.html]
[codervent.com/maxton/demo/vertical-menu/assets/flags/1x1/md.html]
[codervent.com/maxton/demo/vertical-menu/assets/flags/4x3/me.html]
[codervent.com/maxton/demo/vertical-menu/assets/flags/1x1/me.html]
[codervent.com/maxton/demo/vertical-menu/assets/flags/4x3/mf.html]
[codervent.com/maxton/demo/vertical-menu/assets/flags/1x1/mf.html]
[codervent.com/maxton/demo/vertical-menu/assets/flags/4x3/mg.html]
[codervent.com/maxton/demo/vertical-menu/assets/flags/1x1/mg.html]
[codervent.com/maxton/demo/vertical-menu/assets/flags/4x3/mh.html]
[codervent.com/maxton/demo/vertical-menu/assets/flags/1x1/mh.html]
[codervent.com/maxton/demo/vertical-menu/assets/flags/4x3/mk.html]
[codervent.com/maxton/demo/vertical-menu/assets/flags/1x1/mk.html]
[codervent.com/maxton/demo/vertical-menu/assets/flags/4x3/ml.html]
[codervent.com/maxton/demo/vertical-menu/assets/flags/1x1/ml.html]
[codervent.com/maxton/demo/vertical-menu/assets/flags/4x3/mm.html]
[codervent.com/maxton/demo/vertical-menu/assets/flags/1x1/mm.html]
[codervent.com/maxton/demo/vertical-menu/assets/flags/4x3/mn.html]
[codervent.com/maxton/demo/vertical-menu/assets/flags/1x1/mn.html]
[codervent.com/maxton/demo/vertical-menu/assets/flags/4x3/mo.html]
[codervent.com/maxton/demo/vertical-menu/assets/flags/1x1/mo.html]
[codervent.com/maxton/demo/vertical-menu/assets/flags/4x3/mp.html]
[codervent.com/maxton/demo/vertical-menu/assets/flags/1x1/mp.html]
[codervent.com/maxton/demo/vertical-menu/assets/flags/4x3/mq.html]
[codervent.com/maxton/demo/vertical-menu/assets/flags/1x1/mq.html]
[codervent.com/maxton/demo/vertical-menu/assets/flags/4x3/mr.html]
[codervent.com/maxton/demo/vertical-menu/assets/flags/1x1/mr.html]
[codervent.com/maxton/demo/vertical-menu/assets/flags/4x3/ms.html]
[codervent.com/maxton/demo/vertical-menu/assets/flags/1x1/ms.html]
[codervent.com/maxton/demo/vertical-menu/assets/flags/4x3/mt.html]
[codervent.com/maxton/demo/vertical-menu/assets/flags/1x1/mt.html]
[codervent.com/maxton/demo/vertical-menu/assets/flags/4x3/mu.html]
[codervent.com/maxton/demo/vertical-menu/assets/flags/1x1/mu.html]
[codervent.com/maxton/demo/vertical-menu/assets/flags/4x3/mv.html]
[codervent.com/maxton/demo/vertical-menu/assets/flags/1x1/mv.html]
[codervent.com/maxton/demo/vertical-menu/assets/flags/4x3/mw.html]
[codervent.com/maxton/demo/vertical-menu/assets/flags/1x1/mw.html]
[codervent.com/maxton/demo/vertical-menu/assets/flags/4x3/mx.html]
[codervent.com/maxton/demo/vertical-menu/assets/flags/1x1/mx.html]
[codervent.com/maxton/demo/vertical-menu/assets/flags/4x3/my.html]
[codervent.com/maxton/demo/vertical-menu/assets/flags/1x1/my.html]
[codervent.com/maxton/demo/vertical-menu/assets/flags/4x3/mz.html]
[codervent.com/maxton/demo/vertical-menu/assets/flags/1x1/mz.html]
[codervent.com/maxton/demo/vertical-menu/assets/flags/4x3/na.html]
[codervent.com/maxton/demo/vertical-menu/assets/flags/1x1/na.html]
[codervent.com/maxton/demo/vertical-menu/assets/flags/4x3/nc.html]
[codervent.com/maxton/demo/vertical-menu/assets/flags/1x1/nc.html]
[codervent.com/maxton/demo/vertical-menu/assets/flags/4x3/ne.html]
[codervent.com/maxton/demo/vertical-menu/assets/flags/1x1/ne.html]
[codervent.com/maxton/demo/vertical-menu/assets/flags/4x3/nf.html]
[codervent.com/maxton/demo/vertical-menu/assets/flags/1x1/nf.html]
[codervent.com/maxton/demo/vertical-menu/assets/flags/4x3/ng.html]
[codervent.com/maxton/demo/vertical-menu/assets/flags/1x1/ng.html]
[codervent.com/maxton/demo/vertical-menu/assets/flags/4x3/ni.html]
[codervent.com/maxton/demo/vertical-menu/assets/flags/1x1/ni.html]
[codervent.com/maxton/demo/vertical-menu/assets/flags/4x3/nl.html]
[codervent.com/maxton/demo/vertical-menu/assets/flags/1x1/nl.html]
[codervent.com/maxton/demo/vertical-menu/assets/flags/4x3/no.html]
[codervent.com/maxton/demo/vertical-menu/assets/flags/1x1/no.html]
[codervent.com/maxton/demo/vertical-menu/assets/flags/4x3/np.html]
[codervent.com/maxton/demo/vertical-menu/assets/flags/1x1/np.html]
[codervent.com/maxton/demo/vertical-menu/assets/flags/4x3/nr.html]
[codervent.com/maxton/demo/vertical-menu/assets/flags/1x1/nr.html]
[codervent.com/maxton/demo/vertical-menu/assets/flags/4x3/nu.html]
[codervent.com/maxton/demo/vertical-menu/assets/flags/1x1/nu.html]
[codervent.com/maxton/demo/vertical-menu/assets/flags/4x3/nz.html]
[codervent.com/maxton/demo/vertical-menu/assets/flags/1x1/nz.html]
[codervent.com/maxton/demo/vertical-menu/assets/flags/4x3/om.html]
[codervent.com/maxton/demo/vertical-menu/assets/flags/1x1/om.html]
[codervent.com/maxton/demo/vertical-menu/assets/flags/4x3/pa.html]
[codervent.com/maxton/demo/vertical-menu/assets/flags/1x1/pa.html]
[codervent.com/maxton/demo/vertical-menu/assets/flags/4x3/pe.html]
[codervent.com/maxton/demo/vertical-menu/assets/flags/1x1/pe.html]
[codervent.com/maxton/demo/vertical-menu/assets/flags/1x1/pf.html]
[codervent.com/maxton/demo/vertical-menu/assets/flags/4x3/pg.html]
[codervent.com/maxton/demo/vertical-menu/assets/flags/1x1/pg.html]
[codervent.com/maxton/demo/vertical-menu/assets/flags/4x3/ph.html]
[codervent.com/maxton/demo/vertical-menu/assets/flags/1x1/ph.html]
[codervent.com/maxton/demo/vertical-menu/assets/flags/4x3/pk.html]
[codervent.com/maxton/demo/vertical-menu/assets/flags/1x1/pk.html]
[codervent.com/maxton/demo/vertical-menu/assets/flags/4x3/pl.html]
[codervent.com/maxton/demo/vertical-menu/assets/flags/1x1/pl.html]
[codervent.com/maxton/demo/vertical-menu/assets/flags/4x3/pm.html]
[codervent.com/maxton/demo/vertical-menu/assets/flags/1x1/pm.html]
[codervent.com/maxton/demo/vertical-menu/assets/flags/4x3/pn.html]
[codervent.com/maxton/demo/vertical-menu/assets/flags/1x1/pn.html]
[codervent.com/maxton/demo/vertical-menu/assets/flags/4x3/pr.html]
[codervent.com/maxton/demo/vertical-menu/assets/flags/1x1/pr.html]
[codervent.com/maxton/demo/vertical-menu/assets/flags/4x3/ps.html]
[codervent.com/maxton/demo/vertical-menu/assets/flags/1x1/ps.html]
[codervent.com/maxton/demo/vertical-menu/assets/flags/4x3/pt.html]
[codervent.com/maxton/demo/vertical-menu/assets/flags/1x1/pt.html]
[codervent.com/maxton/demo/vertical-menu/assets/flags/4x3/pw.html]
[codervent.com/maxton/demo/vertical-menu/assets/flags/1x1/pw.html]
[codervent.com/maxton/demo/vertical-menu/assets/flags/4x3/py.html]
[codervent.com/maxton/demo/vertical-menu/assets/flags/1x1/py.html]
[codervent.com/maxton/demo/vertical-menu/assets/flags/4x3/qa.html]
[codervent.com/maxton/demo/vertical-menu/assets/flags/1x1/qa.html]
[codervent.com/maxton/demo/vertical-menu/assets/flags/4x3/re.html]
[codervent.com/maxton/demo/vertical-menu/assets/flags/1x1/re.html]
[codervent.com/maxton/demo/vertical-menu/assets/flags/4x3/ro.html]
[codervent.com/maxton/demo/vertical-menu/assets/flags/1x1/ro.html]
[codervent.com/maxton/demo/vertical-menu/assets/flags/4x3/rs.html]
[codervent.com/maxton/demo/vertical-menu/assets/flags/1x1/rs.html]
[codervent.com/maxton/demo/vertical-menu/assets/flags/4x3/ru.html]
[codervent.com/maxton/demo/vertical-menu/assets/flags/1x1/ru.html]
[codervent.com/maxton/demo/vertical-menu/assets/flags/4x3/rw.html]
[codervent.com/maxton/demo/vertical-menu/assets/flags/1x1/rw.html]
[codervent.com/maxton/demo/vertical-menu/assets/flags/4x3/sa.html]
[codervent.com/maxton/demo/vertical-menu/assets/flags/1x1/sa.html]
[codervent.com/maxton/demo/vertical-menu/assets/flags/4x3/sb.html]
[codervent.com/maxton/demo/vertical-menu/assets/flags/1x1/sb.html]
[codervent.com/maxton/demo/vertical-menu/assets/flags/4x3/sc.html]
[codervent.com/maxton/demo/vertical-menu/assets/flags/1x1/sc.html]
[codervent.com/maxton/demo/vertical-menu/assets/flags/4x3/sd.html]
[codervent.com/maxton/demo/vertical-menu/assets/flags/1x1/sd.html]
[codervent.com/maxton/demo/vertical-menu/assets/flags/4x3/se.html]
[codervent.com/maxton/demo/vertical-menu/assets/flags/1x1/se.html]
[codervent.com/maxton/demo/vertical-menu/assets/flags/4x3/sg.html]
[codervent.com/maxton/demo/vertical-menu/assets/flags/1x1/sg.html]
[codervent.com/maxton/demo/vertical-menu/assets/flags/4x3/sh.html]
[codervent.com/maxton/demo/vertical-menu/assets/flags/1x1/sh.html]
[codervent.com/maxton/demo/vertical-menu/assets/flags/4x3/si.html]
[codervent.com/maxton/demo/vertical-menu/assets/flags/1x1/si.html]
[codervent.com/maxton/demo/vertical-menu/assets/flags/4x3/sj.html]
[codervent.com/maxton/demo/vertical-menu/assets/flags/1x1/sj.html]
[codervent.com/maxton/demo/vertical-menu/assets/flags/4x3/sk.html]
[codervent.com/maxton/demo/vertical-menu/assets/flags/1x1/sk.html]
[codervent.com/maxton/demo/vertical-menu/assets/flags/4x3/sl.html]
[codervent.com/maxton/demo/vertical-menu/assets/flags/1x1/sl.html]
[codervent.com/maxton/demo/vertical-menu/assets/flags/4x3/sm.html]
[codervent.com/maxton/demo/vertical-menu/assets/flags/1x1/sm.html]
[codervent.com/maxton/demo/vertical-menu/assets/flags/4x3/sn.html]
[codervent.com/maxton/demo/vertical-menu/assets/flags/1x1/sn.html]
[codervent.com/maxton/demo/vertical-menu/assets/flags/4x3/so.html]
[codervent.com/maxton/demo/vertical-menu/assets/flags/1x1/so.html]
[codervent.com/maxton/demo/vertical-menu/assets/flags/4x3/sr.html]
[codervent.com/maxton/demo/vertical-menu/assets/flags/1x1/sr.html]
[codervent.com/maxton/demo/vertical-menu/assets/flags/4x3/ss.html]
[codervent.com/maxton/demo/vertical-menu/assets/flags/1x1/ss.html]
[codervent.com/maxton/demo/vertical-menu/assets/flags/4x3/st.html]
[codervent.com/maxton/demo/vertical-menu/assets/flags/1x1/st.html]
[codervent.com/maxton/demo/vertical-menu/assets/flags/4x3/sv.html]
[codervent.com/maxton/demo/vertical-menu/assets/flags/1x1/sv.html]
[codervent.com/maxton/demo/vertical-menu/assets/flags/4x3/sx.html]
[codervent.com/maxton/demo/vertical-menu/assets/flags/1x1/sx.html]
[codervent.com/maxton/demo/vertical-menu/assets/flags/4x3/sy.html]
[codervent.com/maxton/demo/vertical-menu/assets/flags/1x1/sy.html]
[codervent.com/maxton/demo/vertical-menu/assets/flags/4x3/sz.html]
[codervent.com/maxton/demo/vertical-menu/assets/flags/1x1/sz.html]
[codervent.com/maxton/demo/vertical-menu/assets/flags/4x3/tc.html]
[codervent.com/maxton/demo/vertical-menu/assets/flags/1x1/tc.html]
[codervent.com/maxton/demo/vertical-menu/assets/flags/4x3/td.html]
[codervent.com/maxton/demo/vertical-menu/assets/flags/1x1/td.html]
[codervent.com/maxton/demo/vertical-menu/assets/flags/4x3/tf.html]
[codervent.com/maxton/demo/vertical-menu/assets/flags/1x1/tf.html]
[codervent.com/maxton/demo/vertical-menu/assets/flags/4x3/tg.html]
[codervent.com/maxton/demo/vertical-menu/assets/flags/1x1/tg.html]
[codervent.com/maxton/demo/vertical-menu/assets/flags/4x3/th.html]
[codervent.com/maxton/demo/vertical-menu/assets/flags/1x1/th.html]
[codervent.com/maxton/demo/vertical-menu/assets/flags/4x3/tj.html]
[codervent.com/maxton/demo/vertical-menu/assets/flags/1x1/tj.html]
[codervent.com/maxton/demo/vertical-menu/assets/flags/4x3/tk.html]
[codervent.com/maxton/demo/vertical-menu/assets/flags/1x1/tk.html]
[codervent.com/maxton/demo/vertical-menu/assets/flags/4x3/tl.html]
[codervent.com/maxton/demo/vertical-menu/assets/flags/1x1/tl.html]
[codervent.com/maxton/demo/vertical-menu/assets/flags/4x3/tm.html]
[codervent.com/maxton/demo/vertical-menu/assets/flags/1x1/tm.html]
[codervent.com/maxton/demo/vertical-menu/assets/flags/4x3/tn.html]
[codervent.com/maxton/demo/vertical-menu/assets/flags/1x1/tn.html]
[codervent.com/maxton/demo/vertical-menu/assets/flags/4x3/to.html]
[codervent.com/maxton/demo/vertical-menu/assets/flags/1x1/to.html]
[codervent.com/maxton/demo/vertical-menu/assets/flags/4x3/tr.html]
[codervent.com/maxton/demo/vertical-menu/assets/flags/1x1/tr.html]
[codervent.com/maxton/demo/vertical-menu/assets/flags/4x3/tt.html]
[codervent.com/maxton/demo/vertical-menu/assets/flags/1x1/tt.html]
[codervent.com/maxton/demo/vertical-menu/assets/flags/4x3/tv.html]
[codervent.com/maxton/demo/vertical-menu/assets/flags/1x1/tv.html]
[codervent.com/maxton/demo/vertical-menu/assets/flags/4x3/tw.html]
[codervent.com/maxton/demo/vertical-menu/assets/flags/1x1/tw.html]
[codervent.com/maxton/demo/vertical-menu/assets/flags/4x3/tz.html]
[codervent.com/maxton/demo/vertical-menu/assets/flags/1x1/tz.html]
[codervent.com/maxton/demo/vertical-menu/assets/flags/4x3/ua.html]
[codervent.com/maxton/demo/vertical-menu/assets/flags/1x1/ua.html]
[codervent.com/maxton/demo/vertical-menu/assets/flags/4x3/ug.html]
[codervent.com/maxton/demo/vertical-menu/assets/flags/1x1/ug.html]
[codervent.com/maxton/demo/vertical-menu/assets/flags/4x3/um.html]
[codervent.com/maxton/demo/vertical-menu/assets/flags/1x1/um.html]
[codervent.com/maxton/demo/vertical-menu/assets/flags/4x3/us.html]
[codervent.com/maxton/demo/vertical-menu/assets/flags/1x1/us.html]
[codervent.com/maxton/demo/vertical-menu/assets/flags/4x3/uy.html]
[codervent.com/maxton/demo/vertical-menu/assets/flags/1x1/uy.html]
[codervent.com/maxton/demo/vertical-menu/assets/flags/4x3/uz.html]
[codervent.com/maxton/demo/vertical-menu/assets/flags/1x1/uz.html]
[codervent.com/maxton/demo/vertical-menu/assets/flags/4x3/va.html]
[codervent.com/maxton/demo/vertical-menu/assets/flags/1x1/va.html]
[codervent.com/maxton/demo/vertical-menu/assets/flags/4x3/vc.html]
[codervent.com/maxton/demo/vertical-menu/assets/flags/1x1/vc.html]
[codervent.com/maxton/demo/vertical-menu/assets/flags/4x3/ve.html]
[codervent.com/maxton/demo/vertical-menu/assets/flags/1x1/ve.html]
[codervent.com/maxton/demo/vertical-menu/assets/flags/4x3/vg.html]
[codervent.com/maxton/demo/vertical-menu/assets/flags/1x1/vg.html]
[codervent.com/maxton/demo/vertical-menu/assets/flags/4x3/vi.html]
[codervent.com/maxton/demo/vertical-menu/assets/flags/1x1/vi.html]
[codervent.com/maxton/demo/vertical-menu/assets/flags/4x3/vn.html]
[codervent.com/maxton/demo/vertical-menu/assets/flags/1x1/vn.html]
[codervent.com/maxton/demo/vertical-menu/assets/flags/4x3/vu.html]
[codervent.com/maxton/demo/vertical-menu/assets/flags/1x1/vu.html]
[codervent.com/maxton/demo/vertical-menu/assets/flags/4x3/wf.html]
[codervent.com/maxton/demo/vertical-menu/assets/flags/1x1/wf.html]
[codervent.com/maxton/demo/vertical-menu/assets/flags/4x3/ws.html]
[codervent.com/maxton/demo/vertical-menu/assets/flags/1x1/ws.html]
[codervent.com/maxton/demo/vertical-menu/assets/flags/4x3/ye.html]
[codervent.com/maxton/demo/vertical-menu/assets/flags/1x1/ye.html]
[codervent.com/maxton/demo/vertical-menu/assets/flags/4x3/yt.html]
[codervent.com/maxton/demo/vertical-menu/assets/flags/1x1/yt.html]
[codervent.com/maxton/demo/vertical-menu/assets/flags/4x3/za.html]
[codervent.com/maxton/demo/vertical-menu/assets/flags/1x1/za.html]
[codervent.com/maxton/demo/vertical-menu/assets/flags/4x3/zm.html]
[codervent.com/maxton/demo/vertical-menu/assets/flags/1x1/zm.html]
[codervent.com/maxton/demo/vertical-menu/assets/flags/4x3/zw.html]
[codervent.com/maxton/demo/vertical-menu/assets/flags/1x1/zw.html]
[codervent.com/maxton/demo/vertical-menu/assets/flags/4x3/es-ct.html]
[codervent.com/maxton/demo/vertical-menu/assets/flags/1x1/es-ct.html]
[codervent.com/maxton/demo/vertical-menu/assets/flags/4x3/eu.html]
[codervent.com/maxton/demo/vertical-menu/assets/flags/1x1/eu.html]
[codervent.com/maxton/demo/vertical-menu/assets/flags/4x3/gb-eng.html]
[codervent.com/maxton/demo/vertical-menu/assets/flags/1x1/gb-eng.html]
[codervent.com/maxton/demo/vertical-menu/assets/flags/4x3/gb-nir.html]
[codervent.com/maxton/demo/vertical-menu/assets/flags/1x1/gb-nir.html]
[codervent.com/maxton/demo/vertical-menu/assets/flags/4x3/gb-sct.html]
[codervent.com/maxton/demo/vertical-menu/assets/flags/1x1/gb-sct.html]
[codervent.com/maxton/demo/vertical-menu/assets/flags/4x3/gb-wls.html]
[codervent.com/maxton/demo/vertical-menu/assets/flags/1x1/gb-wls.html]
[codervent.com/maxton/demo/vertical-menu/assets/flags/4x3/un.html]
[codervent.com/maxton/demo/vertical-menu/assets/flags/1x1/un.html]
[codervent.com/maxton/demo/vertical-menu/assets/flags/4x3/pf.svg]
